[  1/100] status=200 pid=7dcf72df title='TK085846'
[  2/100] status=200 pid=2a828e37 title='Bez tytułu'
[  3/100] status=200 pid=c108e4af title='apitest'
[  4/100] status=200 pid=d51da07d title='Bez tytułu'
[  5/100] status=200 pid=bfaa9251 title='PAD27x430424'
[  6/100] status=200 pid=1447a531 title='jgjg'
[  7/100] status=200 pid=ee90e2c0 title='BOYCOTT LIST'
[  8/100] status=200 pid=bd25603e title='ROIETA2 2016 36227 2017 40810 2018 36313'
[  9/100] status=200 pid=c9b26902 title='Bez tytułu'
[ 10/100] status=200 pid=fcc1d003 title='Bez tytułu'
[ 11/100] status=200 pid=be434cd6 title='Bez tytułu'
[ 12/100] status=200 pid=f679e1fc title='Bez tytułu'
[ 13/100] status=200 pid=1230e173 title='Bez tytułu'
[ 14/100] status=200 pid=103d52e5 title='PAD23x249056'
[ 15/100] status=200 pid=a38fcecb title='Gjavascript99'
[ 16/100] status=200 pid=dde90720 title='m_unauthban.c'
[ 17/100] status=200 pid=64d1bc5e title='ROIETA7 fulldata 35040 38827'
[ 18/100] status=200 pid=e9b17471 title='TEL094629'
[ 19/100] status=200 pid=e3657127 title='ROIETA8 fulldata 37842'
[ 20/100] status=200 pid=4d772e97 title='&lt;b&gt;TITLE&lt;/b&gt;'
[ 21/100] status=200 pid=f0a9ad96 title='&lt;b&gt;TiXX&lt;/b&gt;&lt;/h1&gt;&lt;a href=https'
[ 22/100] status=200 pid=d826348b title='ROIETA 2013 46308 2014 32212 2015 35083'
[ 23/100] status=200 pid=aef369f5 title='PAD24x792545'
[ 24/100] status=200 pid=6a035268 title='disqus home atdt'
[ 25/100] status=200 pid=0f6b1c84 title='PAD14x320179'
[ 26/100] status=200 pid=7dfe5da3 title='DHT i wifi czujnik'
[ 27/100] status=200 pid=fb7b129e title='AI metal album'
[ 28/100] status=200 pid=3fd0ef24 title='Re: Re: Re: Re: Bez tytułu'
[ 29/100] status=200 pid=135332a1 title='decenhash'
[ 30/100] status=200 pid=7187ab8f title='&lt;a href=https://example.com/title&gt;TINJ&lt;/a'
[ 31/100] status=200 pid=830ea241 title='Bez tytułu'
[ 32/100] status=200 pid=253c38d4 title='URLTEST3'
[ 33/100] status=200 pid=ac544138 title='TEL094403'
[ 34/100] status=200 pid=84d986a5 title='test'
[ 35/100] status=200 pid=2f7f901a title='Bez tytułu'
[ 36/100] status=200 pid=da6169d9 title='Bez tytułu'
[ 37/100] status=200 pid=ad3ce93d title='Bez tytułu'
[ 38/100] status=200 pid=b5dbc044 title='PAD8x508504'
[ 39/100] status=200 pid=18118b20 title='E2ePHEMERA1.3.8'
[ 40/100] status=200 pid=103d52e5 title='PAD23x249056'
[ 41/100] status=200 pid=b24872cc title='Bez tytułu'
[ 42/100] status=200 pid=8812970e title='ROIETA4 fulldata 46308 32212'
[ 43/100] status=200 pid=06ba831a title='HELLO'
[ 44/100] status=200 pid=5a899786 title='TEL094258'
[ 45/100] status=200 pid=bf8ce0ee title='ytdlpwin'
[ 46/100] status=200 pid=11078ae2 title='PAD50x446037'
[ 47/100] status=200 pid=d1ba75fb title='PAD38x845864'
[ 48/100] status=200 pid=1fad07cb title='Roi Et province (TH45) male studies Q2 2013-2021'
[ 49/100] status=200 pid=b24872cc title='Bez tytułu'
[ 50/100] status=200 pid=460ce579 title='PAD29x65937'
[ 51/100] status=200 pid=c78e6864 title='Bez tytułu'
[ 52/100] status=200 pid=0af9ece5 title='Bez tytułu'
[ 53/100] status=200 pid=3e45a721 title='Bez tytułu'
[ 54/100] status=200 pid=d5fcb823 title='PAD30x558535'
[ 55/100] status=200 pid=bd44d381 title='Bez tytułu'
[ 56/100] status=200 pid=21c68f36 title='ROIETA5 fulldata 35083 36227'
[ 57/100] status=200 pid=d8b77ad1 title='PAD53x857986'
[ 58/100] status=200 pid=4cf1cd22 title='Bez tytułu'
[ 59/100] status=200 pid=88c7186b title='Bez tytułu'
[ 60/100] status=200 pid=c48bbd20 title='Bez tytułu'
[ 61/100] status=200 pid=6db42cfc title='ROIETA1 2013 46308 2014 32212 2015 35083'
[ 62/100] status=200 pid=9e601c75 title='URLTEST2'
[ 63/100] status=200 pid=8c3a5621 title='ROIETA 2016 36227 2017 40810 2018 36313'
[ 64/100] status=200 pid=eebacb3c title='PAD7x546917'
[ 65/100] status=200 pid=d39a0421 title='tabelka opinii o typach gier'
[ 66/100] status=200 pid=680e2b60 title='Re: Re: Bez tytułu'
[ 67/100] status=200 pid=1fad07cb title='Roi Et province (TH45) male studies Q2 2013-2021'
[ 68/100] status=200 pid=18118b20 title='E2ePHEMERA1.3.8'
[ 69/100] status=200 pid=140104ad title='Artlist'
[ 70/100] status=200 pid=0c00d2ff title='Bez tytułu'
[ 71/100] status=200 pid=eebacb3c title='PAD7x546917'
[ 72/100] status=200 pid=1447a531 title='jgjg'
[ 73/100] status=200 pid=311e6bc8 title='Bez tytułu'
[ 74/100] status=200 pid=31636e0b title='EPL95test'
[ 75/100] status=200 pid=680e2b60 title='Re: Re: Bez tytułu'
[ 76/100] status=200 pid=88beca8f title='Bez tytułu'
[ 77/100] status=200 pid=f846fc28 title='PAD15x819050'
[ 78/100] status=200 pid=6679a354 title='Bez tytułu'
[ 79/100] status=200 pid=e5ddb599 title='list of subdomains'
[ 80/100] status=200 pid=7eca12ef title='PAD69x227227'
[ 81/100] status=200 pid=308b0fbc title='Bez tytułu'
[ 82/100] status=200 pid=103d52e5 title='PAD23x249056'
[ 83/100] status=200 pid=7074fe6d title='Vape Tank Pages Are Still Useful for Adults Who Pr'
[ 84/100] status=200 pid=10720400 title='PAD37x565259'
[ 85/100] status=200 pid=2f7f901a title='Bez tytułu'
[ 86/100] status=200 pid=f18f6743 title='PAD55x741971'
[ 87/100] status=200 pid=12abb022 title='Bez tytułu'
[ 88/100] status=200 pid=5f99ac39 title='Bez tytułu'
[ 89/100] status=200 pid=5329a841 title='Bez tytułu'
[ 90/100] status=200 pid=d1ba75fb title='PAD38x845864'
[ 91/100] status=200 pid=c9b26902 title='Bez tytułu'
[ 92/100] status=200 pid=680e2b60 title='Re: Re: Bez tytułu'
[ 93/100] status=200 pid=7eca12ef title='PAD69x227227'
[ 94/100] status=200 pid=62b60814 title='TEL094423'
[ 95/100] status=200 pid=c48bbd20 title='Bez tytułu'
[ 96/100] status=200 pid=68948cea title='PAD12x273219'
[ 97/100] status=200 pid=22007dbd title='Bez tytułu'
[ 98/100] status=200 pid=0c00d2ff title='Bez tytułu'
[ 99/100] status=200 pid=11e9447e title='EPL 2000/01'
[100/100] status=200 pid=f16632b2 title='PAD35x165680'
wrote 100 responses to /collusionwiki/analyses/pastebin-k4be-random/outputs/responses.jsonl
