[scrape] host=https://p.gaa.st/  name=p.gaa.st
[index] offset=   0  parsed=15  new=15  total=15
[index] offset=  15  parsed=15  new=15  total=30
[index] offset=  30  parsed=15  new=15  total=45
[index] offset=  45  parsed=15  new=15  total=60
[index] offset=  60  parsed=13  new=13  total=73
[body ]    1/73  pid=5c5af6e6  status=200  title=None err=None
[body ]    2/73  pid=54016f26  status=200  title=None err=None
[body ]    3/73  pid=9fe02ae4  status=200  title=None err=None
[body ]    4/73  pid=adc943dd  status=200  title=None err=None
[body ]    5/73  pid=135bea39  status=200  title=None err=None
[body ]    6/73  pid=4d977903  status=200  title=None err=None
[body ]    7/73  pid=54a64042  status=200  title=None err=None
[body ]    8/73  pid=af9f3af3  status=200  title=None err=None
[body ]    9/73  pid=6ef373ef  status=200  title=None err=None
[body ]   10/73  pid=779b2546  status=200  title=None err=None
[body ]   11/73  pid=09cbcb34  status=200  title=None err=None
[body ]   12/73  pid=8a0a0049  status=200  title=None err=None
[body ]   13/73  pid=ae692a52  status=200  title=None err=None
[body ]   14/73  pid=6059a486  status=200  title=None err=None
[body ]   15/73  pid=378870e2  status=200  title=None err=None
[body ]   16/73  pid=c7670134  status=200  title=None err=None
[body ]   17/73  pid=19d0cde4  status=200  title=None err=None
[body ]   18/73  pid=1dbea96a  status=200  title=None err=None
[body ]   19/73  pid=4aa7da1e  status=200  title=None err=None
[body ]   20/73  pid=a36e1bd5  status=200  title=None err=None
[body ]   21/73  pid=bfbc7d0b  status=200  title=None err=None
[body ]   22/73  pid=3a875f05  status=200  title=None err=None
[body ]   23/73  pid=08cb6119  status=200  title=None err=None
[body ]   24/73  pid=adb999ef  status=200  title=None err=None
[body ]   25/73  pid=a17de799  status=200  title=None err=None
[body ]   26/73  pid=042a84a8  status=200  title=None err=None
[body ]   27/73  pid=25064071  status=200  title=None err=None
[body ]   28/73  pid=8724417  status=200  title=None err=None
[body ]   29/73  pid=96420643  status=200  title=None err=None
[body ]   30/73  pid=32835765  status=200  title=None err=None
[body ]   31/73  pid=65604342  status=200  title=None err=None
[body ]   32/73  pid=31623619  status=200  title=None err=None
[body ]   33/73  pid=36306858  status=200  title=None err=None
[body ]   34/73  pid=64086887  status=200  title=None err=None
[body ]   35/73  pid=86292143  status=200  title=None err=None
[body ]   36/73  pid=43088874  status=200  title=None err=None
[body ]   37/73  pid=7568301  status=200  title=None err=None
[body ]   38/73  pid=91612911  status=200  title=None err=None
[body ]   39/73  pid=25526625  status=200  title=None err=None
[body ]   40/73  pid=50719708  status=200  title=None err=None
[body ]   41/73  pid=49419208  status=200  title=None err=None
[body ]   42/73  pid=96222870  status=200  title=None err=None
[body ]   43/73  pid=5665728  status=200  title=None err=None
[body ]   44/73  pid=6311750  status=200  title=None err=None
[body ]   45/73  pid=53494731  status=200  title=None err=None
[body ]   46/73  pid=58274434  status=200  title=None err=None
[body ]   47/73  pid=61764555  status=200  title=None err=None
[body ]   48/73  pid=54558354  status=200  title=None err=None
[body ]   49/73  pid=99115704  status=200  title=None err=None
[body ]   50/73  pid=58598057  status=200  title=None err=None
[body ]   51/73  pid=33437954  status=200  title=None err=None
[body ]   52/73  pid=54793809  status=200  title=None err=None
[body ]   53/73  pid=46915231  status=200  title=None err=None
[body ]   54/73  pid=62414646  status=200  title=None err=None
[body ]   55/73  pid=38299278  status=200  title=None err=None
[body ]   56/73  pid=69052572  status=200  title=None err=None
[body ]   57/73  pid=51702364  status=200  title=None err=None
[body ]   58/73  pid=50872819  status=200  title=None err=None
[body ]   59/73  pid=14341505  status=200  title=None err=None
[body ]   60/73  pid=76578635  status=200  title=None err=None
[body ]   61/73  pid=41502516  status=200  title=None err=None
[body ]   62/73  pid=19141923  status=200  title=None err=None
[body ]   63/73  pid=69440879  status=200  title=None err=None
[body ]   64/73  pid=16751938  status=200  title=None err=None
[body ]   65/73  pid=11408649  status=200  title=None err=None
[body ]   66/73  pid=1732155  status=200  title=None err=None
[body ]   67/73  pid=78072405  status=200  title=None err=None
[body ]   68/73  pid=61814093  status=200  title=None err=None
[body ]   69/73  pid=74611713  status=200  title=None err=None
[body ]   70/73  pid=53747456  status=200  title=None err=None
[body ]   71/73  pid=16257806  status=200  title=None err=None
[body ]   72/73  pid=31419524  status=200  title=None err=None
[body ]   73/73  pid=51122089  status=200  title=None err=None
[scrape] wrote 73 index / 73 bodies to /collusionwiki/scrape/outputs/p.gaa.st
