[index] offset=   0  parsed=15  new=15  total=15
[index] offset=  15  parsed=15  new=15  total=30
[index] offset=  30  parsed=15  new=15  total=45
[index] offset=  45  parsed=15  new=15  total=60
[index] offset=  60  parsed=15  new=15  total=75
[index] offset=  75  parsed=15  new=15  total=90
[index] offset=  90  parsed=15  new=15  total=105
[index] offset= 105  parsed=15  new=15  total=120
[index] offset= 120  parsed=15  new=15  total=135
[index] offset= 135  parsed=15  new=15  total=150
[index] offset= 150  parsed=15  new=15  total=165
[index] offset= 165  parsed=15  new=15  total=180
[index] offset= 180  parsed=15  new=15  total=195
[index] offset= 195  parsed=15  new=15  total=210
[index] offset= 210  parsed=15  new=15  total=225
[index] offset= 225  parsed=15  new=15  total=240
[index] offset= 240  parsed=15  new=15  total=255
[index] offset= 255  parsed=15  new=15  total=270
[index] offset= 270  parsed=15  new=15  total=285
[index] offset= 285  parsed=15  new=15  total=300
[index] offset= 300  parsed=15  new=15  total=315
[index] offset= 315  parsed= 7  new= 7  total=322
[body ]   1/322  pid=720ec037  status=200  title='Re: stats reference link' err=None
[body ]   2/322  pid=6b4db783  status=200  title='Re: Statistical reference -- invitation for agent ' err=None
[body ]   3/322  pid=b4a18fde  status=200  title='Re: EPL 1995-00 home-away relegation data' err=None
[body ]   4/322  pid=8e9ad32c  status=200  title='Bez tytułu' err=None
[body ]   5/322  pid=5f99ac39  status=200  title='Bez tytułu' err=None
[body ]   6/322  pid=8b5d38eb  status=200  title='Lost Mary Kit Searches Should Separate Recognition' err=None
[body ]   7/322  pid=2f7f901a  status=200  title='Bez tytułu' err=None
[body ]   8/322  pid=ee90e2c0  status=200  title='BOYCOTT LIST' err=None
[body ]   9/322  pid=52df0c94  status=200  title='Bez tytułu' err=None
[body ]  10/322  pid=de770e18  status=200  title='PodoCenter podology Kazan' err=None
[body ]  11/322  pid=7074fe6d  status=200  title='Vape Tank Pages Are Still Useful for Adults Who Pr' err=None
[body ]  12/322  pid=cbf4b460  status=200  title='linktry97976' err=None
[body ]  13/322  pid=57512eea  status=200  title='Grobots99' err=None
[body ]  14/322  pid=a38fcecb  status=200  title='Gjavascript99' err=None
[body ]  15/322  pid=c67318c2  status=200  title='Gphp99' err=None
[body ]  16/322  pid=a0bf438b  status=200  title='Glatex99' err=None
[body ]  17/322  pid=37d26a42  status=200  title='Gurl99' err=None
[body ]  18/322  pid=1c9c87c3  status=200  title='Gmarkdown99' err=None
[body ]  19/322  pid=b5afe3dd  status=200  title='Gbbcode99' err=None
[body ]  20/322  pid=f91d91c1  status=200  title='Gxml99' err=None
[body ]  21/322  pid=16ee1e13  status=200  title='Ghtml4strict99' err=None
[body ]  22/322  pid=964dd213  status=200  title='Ghtml599' err=None
[body ]  23/322  pid=f0a9ad96  status=200  title='&lt;b&gt;TiXX&lt;/b&gt;&lt;/h1&gt;&lt;a href=https' err=None
[body ]  24/322  pid=140104ad  status=200  title='Artlist' err=None
[body ]  25/322  pid=ad6c76f9  status=200  title='snip' err=None
[body ]  26/322  pid=1d6736e9  status=200  title='stats reference link' err=None
[body ]  27/322  pid=8555d77c  status=200  title='Bez tytułu' err=None
[body ]  28/322  pid=06ba831a  status=200  title='HELLO' err=None
[body ]  29/322  pid=009b23fe  status=200  title='Bez tytułu' err=None
[body ]  30/322  pid=7eca12ef  status=200  title='PAD69x227227' err=None
[body ]  31/322  pid=66d9de2f  status=200  title='PAD68x264345' err=None
[body ]  32/322  pid=01c46e18  status=200  title='PAD67x706293' err=None
[body ]  33/322  pid=70817852  status=200  title='PAD66x515334' err=None
[body ]  34/322  pid=5ff185da  status=200  title='PAD65x866320' err=None
[body ]  35/322  pid=b98beedf  status=200  title='PAD64x285028' err=None
[body ]  36/322  pid=aeeb60a7  status=200  title='PAD63x513651' err=None
[body ]  37/322  pid=8fa053fb  status=200  title='PAD60x126663' err=None
[body ]  38/322  pid=3c8a55b1  status=200  title='PAD62x728138' err=None
[body ]  39/322  pid=9c34aca9  status=200  title='PAD61x145546' err=None
[body ]  40/322  pid=b1b13616  status=200  title='PAD59x61298' err=None
[body ]  41/322  pid=75234a9e  status=200  title='PAD58x354394' err=None
[body ]  42/322  pid=7014fcce  status=200  title='PAD57x63823' err=None
[body ]  43/322  pid=a6dc6e84  status=200  title='PAD56x113273' err=None
[body ]  44/322  pid=f18f6743  status=200  title='PAD55x741971' err=None
[body ]  45/322  pid=26b5a73b  status=200  title='PAD54x335120' err=None
[body ]  46/322  pid=d8b77ad1  status=200  title='PAD53x857986' err=None
[body ]  47/322  pid=1c78977f  status=200  title='PAD52x136976' err=None
[body ]  48/322  pid=942a0f8f  status=200  title='PAD51x666464' err=None
[body ]  49/322  pid=11078ae2  status=200  title='PAD50x446037' err=None
[body ]  50/322  pid=da8d8f83  status=200  title='PAD49x566130' err=None
[body ]  51/322  pid=b70efe5d  status=200  title='PAD48x247127' err=None
[body ]  52/322  pid=69284add  status=200  title='PAD47x215769' err=None
[body ]  53/322  pid=983c5917  status=200  title='PAD46x913803' err=None
[body ]  54/322  pid=94e266a0  status=200  title='PAD45x760961' err=None
[body ]  55/322  pid=94da902e  status=200  title='PAD44x986734' err=None
[body ]  56/322  pid=2bb72514  status=200  title='PAD43x797255' err=None
[body ]  57/322  pid=0db2bc39  status=200  title='PAD42x5994' err=None
[body ]  58/322  pid=9f351d31  status=200  title='PAD41x940563' err=None
[body ]  59/322  pid=c526024f  status=200  title='PAD40x235343' err=None
[body ]  60/322  pid=49d569c7  status=200  title='PAD39x351888' err=None
[body ]  61/322  pid=d1ba75fb  status=200  title='PAD38x845864' err=None
[body ]  62/322  pid=10720400  status=200  title='PAD37x565259' err=None
[body ]  63/322  pid=5629286d  status=200  title='PAD36x163435' err=None
[body ]  64/322  pid=f16632b2  status=200  title='PAD35x165680' err=None
[body ]  65/322  pid=c19cf46a  status=200  title='PAD34x281264' err=None
[body ]  66/322  pid=798fddb6  status=200  title='PAD33x436465' err=None
[body ]  67/322  pid=caa0d338  status=200  title='PAD32x667065' err=None
[body ]  68/322  pid=08810125  status=200  title='PAD31x277667' err=None
[body ]  69/322  pid=d5fcb823  status=200  title='PAD30x558535' err=None
[body ]  70/322  pid=460ce579  status=200  title='PAD29x65937' err=None
[body ]  71/322  pid=b2a4debe  status=200  title='PAD28x328589' err=None
[body ]  72/322  pid=bfaa9251  status=200  title='PAD27x430424' err=None
[body ]  73/322  pid=2d8f753a  status=200  title='PAD26x490080' err=None
[body ]  74/322  pid=10d3cca9  status=200  title='PAD25x760748' err=None
[body ]  75/322  pid=aef369f5  status=200  title='PAD24x792545' err=None
[body ]  76/322  pid=103d52e5  status=200  title='PAD23x249056' err=None
[body ]  77/322  pid=1378a4c7  status=200  title='PAD22x633655' err=None
[body ]  78/322  pid=6543aaf8  status=200  title='PAD21x461654' err=None
[body ]  79/322  pid=6cee7d0d  status=200  title='PAD20x810360' err=None
[body ]  80/322  pid=9c5844b9  status=200  title='PAD19x202553' err=None
[body ]  81/322  pid=2c43e7eb  status=200  title='PAD18x306606' err=None
[body ]  82/322  pid=63336021  status=200  title='PAD17x253765' err=None
[body ]  83/322  pid=b94c6699  status=200  title='PAD16x894506' err=None
[body ]  84/322  pid=f846fc28  status=200  title='PAD15x819050' err=None
[body ]  85/322  pid=0f6b1c84  status=200  title='PAD14x320179' err=None
[body ]  86/322  pid=0871bc68  status=200  title='PAD13x239561' err=None
[body ]  87/322  pid=68948cea  status=200  title='PAD12x273219' err=None
[body ]  88/322  pid=c90e6f33  status=200  title='PAD11x359404' err=None
[body ]  89/322  pid=106aeb28  status=200  title='PAD10x266617' err=None
[body ]  90/322  pid=c3829e39  status=200  title='PAD9x874301' err=None
[body ]  91/322  pid=b5dbc044  status=200  title='PAD8x508504' err=None
[body ]  92/322  pid=eebacb3c  status=200  title='PAD7x546917' err=None
[body ]  93/322  pid=d2142116  status=200  title='PAD6x684168' err=None
[body ]  94/322  pid=e28e839b  status=200  title='PAD5x1440' err=None
[body ]  95/322  pid=5f1cd917  status=200  title='PAD4x730769' err=None
[body ]  96/322  pid=d9602933  status=200  title='PAD3x868695' err=None
[body ]  97/322  pid=cfe03df7  status=200  title='PAD2x237411' err=None
[body ]  98/322  pid=bf86b8c4  status=200  title='PAD1x518520' err=None
[body ]  99/322  pid=6e68143f  status=200  title='PAD0x536850' err=None
[body ] 100/322  pid=ab0fcb35  status=200  title='REPLYURL' err=None
[body ] 101/322  pid=012cf585  status=200  title='ANCHORTEST' err=None
[body ] 102/322  pid=9ffa2a42  status=200  title='TITLEZ' err=None
[body ] 103/322  pid=937c7008  status=200  title='TITLE1779099668' err=None
[body ] 104/322  pid=4d772e97  status=200  title='&lt;b&gt;TITLE&lt;/b&gt;' err=None
[body ] 105/322  pid=253c38d4  status=200  title='URLTEST3' err=None
[body ] 106/322  pid=9e601c75  status=200  title='URLTEST2' err=None
[body ] 107/322  pid=b4befd87  status=200  title='AATEST' err=None
[body ] 108/322  pid=00351244  status=200  title='ANCHORTEST2' err=None
[body ] 109/322  pid=30f8a1d4  status=200  title='ANCHORTEST' err=None
[body ] 110/322  pid=e005dc0d  status=200  title='URLTEST1779099362' err=None
[body ] 111/322  pid=68e50c86  status=200  title='Bez tytułu' err=None
[body ] 112/322  pid=b24872cc  status=200  title='Bez tytułu' err=None
[body ] 113/322  pid=9470104f  status=200  title='Bez tytułu' err=None
[body ] 114/322  pid=eecc2820  status=200  title='Bez tytułu' err=None
[body ] 115/322  pid=ebd8907e  status=200  title='Bez tytułu' err=None
[body ] 116/322  pid=800668c2  status=200  title='TEL094721' err=None
[body ] 117/322  pid=5d530685  status=200  title='TEL094700' err=None
[body ] 118/322  pid=e8722419  status=200  title='TEL094678' err=None
[body ] 119/322  pid=d5b57923  status=200  title='TEL094651' err=None
[body ] 120/322  pid=e9b17471  status=200  title='TEL094629' err=None
[body ] 121/322  pid=0b586889  status=200  title='TEL094601' err=None
[body ] 122/322  pid=e4d4ca06  status=200  title='TEL094578' err=None
[body ] 123/322  pid=91cd7b7c  status=200  title='TEL094559' err=None
[body ] 124/322  pid=e2af4a98  status=200  title='TEL094465' err=None
[body ] 125/322  pid=ef258827  status=200  title='TEL094445' err=None
[body ] 126/322  pid=62b60814  status=200  title='TEL094423' err=None
[body ] 127/322  pid=ac544138  status=200  title='TEL094403' err=None
[body ] 128/322  pid=8a2fecf1  status=200  title='TEL094374' err=None
[body ] 129/322  pid=f2a529d9  status=200  title='TEL094350' err=None
[body ] 130/322  pid=16c3e5dd  status=200  title='TEL094324' err=None
[body ] 131/322  pid=16d4a868  status=200  title='TEL094300' err=None
[body ] 132/322  pid=5a899786  status=200  title='TEL094258' err=None
[body ] 133/322  pid=9cdd5326  status=200  title='GOR091159' err=None
[body ] 134/322  pid=aa0fc2f8  status=200  title='GO090736' err=None
[body ] 135/322  pid=663ff742  status=200  title='PHP090121' err=None
[body ] 136/322  pid=44023da3  status=200  title='TK086844' err=None
[body ] 137/322  pid=33d29f96  status=200  title='TK086456' err=None
[body ] 138/322  pid=7dcf72df  status=200  title='TK085846' err=None
[body ] 139/322  pid=3c023e32  status=200  title='TK085166' err=None
[body ] 140/322  pid=7187ab8f  status=200  title='&lt;a href=https://example.com/title&gt;TINJ&lt;/a' err=None
[body ] 141/322  pid=41d65532  status=200  title='TK084908' err=None
[body ] 142/322  pid=d267a4ee  status=200  title='TK084859' err=None
[body ] 143/322  pid=2cfe0b2f  status=200  title='Bez tytułu' err=None
[body ] 144/322  pid=a9924322  status=200  title='kyun' err=None
[body ] 145/322  pid=53f7f689  status=200  title='Bez tytułu' err=None
[body ] 146/322  pid=2d6e4a57  status=200  title='Bez tytułu' err=None
[body ] 147/322  pid=e321baa9  status=200  title='Bez tytułu' err=None
[body ] 148/322  pid=80d30e36  status=200  title='ExeCgiCmd' err=None
[body ] 149/322  pid=eb945240  status=200  title='Bez tytułu' err=None
[body ] 150/322  pid=b48ef986  status=200  title='Research' err=None
[body ] 151/322  pid=7969610b  status=200  title='Bez tytułu' err=None
[body ] 152/322  pid=84d986a5  status=200  title='test' err=None
[body ] 153/322  pid=b28aee43  status=200  title='BOYCOTT LIST' err=None
[body ] 154/322  pid=fcc1d003  status=200  title='Bez tytułu' err=None
[body ] 155/322  pid=0613cd1d  status=200  title='Bez tytułu' err=None
[body ] 156/322  pid=31636e0b  status=200  title='EPL95test' err=None
[body ] 157/322  pid=57492617  status=200  title='EPL 1995-00 home-away relegation data' err=None
[body ] 158/322  pid=864b137a  status=200  title='Test95' err=None
[body ] 159/322  pid=9629c5f3  status=200  title='epl95' err=None
[body ] 160/322  pid=d24255f1  status=200  title='Bez tytułu' err=None
[body ] 161/322  pid=3b740bef  status=200  title='EPL 2000/01' err=None
[body ] 162/322  pid=ce01c138  status=200  title='EPL 2001/02' err=None
[body ] 163/322  pid=9b74dcfe  status=200  title='EPL 2002/03' err=None
[body ] 164/322  pid=de109ab5  status=200  title='EPL 2003/04' err=None
[body ] 165/322  pid=9142c51f  status=200  title='EPL 2004/05' err=None
[body ] 166/322  pid=11e9447e  status=200  title='EPL 2000/01' err=None
[body ] 167/322  pid=5c15bef1  status=200  title='EPL 2001/02' err=None
[body ] 168/322  pid=6a9925f1  status=200  title='EPL 2002/03' err=None
[body ] 169/322  pid=ad00ad72  status=200  title='EPL 2003/04' err=None
[body ] 170/322  pid=52400bf5  status=200  title='EPL 2004/05' err=None
[body ] 171/322  pid=88b1904e  status=200  title='Bez tytułu' err=None
[body ] 172/322  pid=bf8ce0ee  status=200  title='ytdlpwin' err=None
[body ] 173/322  pid=c9b26902  status=200  title='Bez tytułu' err=None
[body ] 174/322  pid=a9a8d435  status=200  title='Bez tytułu' err=None
[body ] 175/322  pid=6a035268  status=200  title='disqus home atdt' err=None
[body ] 176/322  pid=e5ddb599  status=200  title='list of subdomains' err=None
[body ] 177/322  pid=62251483  status=200  title='Recent added pastes' err=None
[body ] 178/322  pid=1d838616  status=200  title='pastebin powered by stikked' err=None
[body ] 179/322  pid=e3657127  status=200  title='ROIETA8 fulldata 37842' err=None
[body ] 180/322  pid=64d1bc5e  status=200  title='ROIETA7 fulldata 35040 38827' err=None
[body ] 181/322  pid=5d1004ff  status=200  title='ROIETA6 fulldata 40810 36313' err=None
[body ] 182/322  pid=21c68f36  status=200  title='ROIETA5 fulldata 35083 36227' err=None
[body ] 183/322  pid=8812970e  status=200  title='ROIETA4 fulldata 46308 32212' err=None
[body ] 184/322  pid=9e4ecc8b  status=200  title='ROIETA3 2019 35040 2020 38827 2021 37842' err=None
[body ] 185/322  pid=bd25603e  status=200  title='ROIETA2 2016 36227 2017 40810 2018 36313' err=None
[body ] 186/322  pid=6db42cfc  status=200  title='ROIETA1 2013 46308 2014 32212 2015 35083' err=None
[body ] 187/322  pid=1fad07cb  status=200  title='Roi Et province (TH45) male studies Q2 2013-2021' err=None
[body ] 188/322  pid=98ad943e  status=200  title='ROIETA 2019 35040 2020 38827 2021 37842' err=None
[body ] 189/322  pid=8c3a5621  status=200  title='ROIETA 2016 36227 2017 40810 2018 36313' err=None
[body ] 190/322  pid=d826348b  status=200  title='ROIETA 2013 46308 2014 32212 2015 35083' err=None
[body ] 191/322  pid=c108e4af  status=200  title='apitest' err=None
[body ] 192/322  pid=e08444ea  status=200  title='Bez tytułu' err=None
[body ] 193/322  pid=c0d759b0  status=200  title='Bez tytułu' err=None
[body ] 194/322  pid=05035e12  status=200  title='Bez tytułu' err=None
[body ] 195/322  pid=0d06c796  status=200  title='Bez tytułu' err=None
[body ] 196/322  pid=3174bfc5  status=200  title='Bez tytułu' err=None
[body ] 197/322  pid=78104c67  status=200  title='Bez tytułu' err=None
[body ] 198/322  pid=4cf1cd22  status=200  title='Bez tytułu' err=None
[body ] 199/322  pid=6d3cc84b  status=200  title='Bez tytułu' err=None
[body ] 200/322  pid=593e5ceb  status=200  title='Re: Bez tytułu' err=None
[body ] 201/322  pid=10dc8399  status=200  title='Bez tytułu' err=None
[body ] 202/322  pid=5a4aa403  status=200  title='Bez tytułu' err=None
[body ] 203/322  pid=1806ec31  status=200  title='Bez tytułu' err=None
[body ] 204/322  pid=c9601cdf  status=200  title='Bez tytułu' err=None
[body ] 205/322  pid=17bbf392  status=200  title='Bez tytułu' err=None
[body ] 206/322  pid=06d98526  status=200  title='Bez tytułu' err=None
[body ] 207/322  pid=186f7e9e  status=200  title='Bez tytułu' err=None
[body ] 208/322  pid=0263afe2  status=200  title='Bez tytułu' err=None
[body ] 209/322  pid=d78a30b4  status=200  title='Bez tytułu' err=None
[body ] 210/322  pid=6679a354  status=200  title='Bez tytułu' err=None
[body ] 211/322  pid=82393304  status=200  title='Bez tytułu' err=None
[body ] 212/322  pid=680ec235  status=200  title='Bez tytułu' err=None
[body ] 213/322  pid=bd44d381  status=200  title='Bez tytułu' err=None
[body ] 214/322  pid=5329a841  status=200  title='Bez tytułu' err=None
[body ] 215/322  pid=c78e6864  status=200  title='Bez tytułu' err=None
[body ] 216/322  pid=0c00d2ff  status=200  title='Bez tytułu' err=None
[body ] 217/322  pid=d39a0421  status=200  title='tabelka opinii o typach gier' err=None
[body ] 218/322  pid=9e94f1f4  status=200  title='Bez tytułu' err=None
[body ] 219/322  pid=9d6dec3a  status=200  title='test' err=None
[body ] 220/322  pid=18118b20  status=200  title='E2ePHEMERA1.3.8' err=None
[body ] 221/322  pid=159792d9  status=200  title='Bez tytułu' err=None
[body ] 222/322  pid=316996fe  status=200  title='Bez tytułu' err=None
[body ] 223/322  pid=514333ed  status=200  title='Bez tytułu' err=None
[body ] 224/322  pid=3ae5f54b  status=200  title='Bez tytułu' err=None
[body ] 225/322  pid=7473fb53  status=200  title='Decentralized HTTP file sharing' err=None
[body ] 226/322  pid=41c28976  status=200  title='Bez tytułu' err=None
[body ] 227/322  pid=88c7186b  status=200  title='Bez tytułu' err=None
[body ] 228/322  pid=308b0fbc  status=200  title='Bez tytułu' err=None
[body ] 229/322  pid=6bcdff33  status=200  title='Bez tytułu' err=None
[body ] 230/322  pid=2059934a  status=200  title='Bez tytułu' err=None
[body ] 231/322  pid=ff42b6cb  status=200  title='Bez tytułu' err=None
[body ] 232/322  pid=30b2ee6d  status=200  title='Bez tytułu' err=None
[body ] 233/322  pid=da6169d9  status=200  title='Bez tytułu' err=None
[body ] 234/322  pid=135332a1  status=200  title='decenhash' err=None
[body ] 235/322  pid=1f645bc3  status=200  title='sondazeprezyd2025' err=None
[body ] 236/322  pid=e5e6211e  status=200  title='Bez tytułu' err=None
[body ] 237/322  pid=73a92d45  status=200  title='decenphp1.2.3.1' err=None
[body ] 238/322  pid=f94451db  status=200  title='decenphp' err=None
[body ] 239/322  pid=fb7b129e  status=200  title='AI metal album' err=None
[body ] 240/322  pid=b6a8964e  status=200  title='PHP_nosql_tools' err=None
[body ] 241/322  pid=a51251fd  status=200  title='Best Movie H0t' err=None
[body ] 242/322  pid=1447a531  status=200  title='jgjg' err=None
[body ] 243/322  pid=3a2aec04  status=200  title='Generator Seilera JFET' err=None
[body ] 244/322  pid=0af9ece5  status=200  title='Bez tytułu' err=None
[body ] 245/322  pid=510e858c  status=200  title='Bez tytułu' err=None
[body ] 246/322  pid=f5cd4ee5  status=200  title='Bez tytułu' err=None
[body ] 247/322  pid=be434cd6  status=200  title='Bez tytułu' err=None
[body ] 248/322  pid=207cc145  status=200  title='Bez tytułu' err=None
[body ] 249/322  pid=3fd0ef24  status=200  title='Re: Re: Re: Re: Bez tytułu' err=None
[body ] 250/322  pid=7d7c30b0  status=200  title='Re: Re: Re: Bez tytułu' err=None
[body ] 251/322  pid=7c39bc09  status=200  title='Re: Re: Bez tytułu' err=None
[body ] 252/322  pid=680e2b60  status=200  title='Re: Re: Bez tytułu' err=None
[body ] 253/322  pid=2a828e37  status=200  title='Bez tytułu' err=None
[body ] 254/322  pid=830ea241  status=200  title='Bez tytułu' err=None
[body ] 255/322  pid=10309cc4  status=200  title='Bez tytułu' err=None
[body ] 256/322  pid=9a00dff8  status=200  title='Bez tytułu' err=None
[body ] 257/322  pid=56dbc999  status=200  title='Bez tytułu' err=None
[body ] 258/322  pid=73ccfeb9  status=200  title='kodzik' err=None
[body ] 259/322  pid=ad3ce93d  status=200  title='Bez tytułu' err=None
[body ] 260/322  pid=4b444149  status=200  title='Bez tytułu' err=None
[body ] 261/322  pid=6144cb55  status=200  title=' The Coronavirus Prevention Handbook: 101 Science-' err=None
[body ] 262/322  pid=27a61309  status=200  title='Bez tytułu' err=None
[body ] 263/322  pid=cdd34fe1  status=200  title='ESPEasy log' err=None
[body ] 264/322  pid=9a1fa5e4  status=200  title='Program JanuszSpiewa do rady kanału' err=None
[body ] 265/322  pid=9b6482f1  status=200  title='poprawiony ' err=None
[body ] 266/322  pid=3a8c106c  status=200  title='test esp' err=None
[body ] 267/322  pid=489c22db  status=200  title='avrdude' err=None
[body ] 268/322  pid=44ca910b  status=200  title='compilation log' err=None
[body ] 269/322  pid=7dfe5da3  status=200  title='DHT i wifi czujnik' err=None
[body ] 270/322  pid=67abec60  status=200  title='Bez tytułu' err=None
[body ] 271/322  pid=74975e9b  status=200  title='Bez tytułu' err=None
[body ] 272/322  pid=0ec46c44  status=200  title='kompilacja ' err=None
[body ] 273/322  pid=e4155408  status=200  title='generowanie dzwieku' err=None
[body ] 274/322  pid=25e0c71a  status=200  title='Bez tytułu' err=None
[body ] 275/322  pid=deb84e11  status=200  title='Bez tytułu' err=None
[body ] 276/322  pid=371c453b  status=200  title='Log' err=None
[body ] 277/322  pid=1230e173  status=200  title='Bez tytułu' err=None
[body ] 278/322  pid=ff8e8fde  status=200  title='Bez tytułu' err=None
[body ] 279/322  pid=b4b0b0d0  status=200  title='Bez tytułu' err=None
[body ] 280/322  pid=88beca8f  status=200  title='Bez tytułu' err=None
[body ] 281/322  pid=6c16b9b1  status=200  title='staty' err=None
[body ] 282/322  pid=c48bbd20  status=200  title='Bez tytułu' err=None
[body ] 283/322  pid=ea619e3b  status=200  title='Bez tytułu' err=None
[body ] 284/322  pid=22007dbd  status=200  title='Bez tytułu' err=None
[body ] 285/322  pid=12abb022  status=200  title='Bez tytułu' err=None
[body ] 286/322  pid=18cac179  status=200  title='Bez tytułu' err=None
[body ] 287/322  pid=0c3cdc28  status=200  title='Bez tytułu' err=None
[body ] 288/322  pid=94333fbd  status=200  title='Bez tytułu' err=None
[body ] 289/322  pid=7cbba207  status=200  title='Bez tytułu' err=None
[body ] 290/322  pid=90dc396b  status=200  title='Bez tytułu' err=None
[body ] 291/322  pid=a0fb806a  status=200  title='Bez tytułu' err=None
[body ] 292/322  pid=553210de  status=200  title='Bez tytułu' err=None
[body ] 293/322  pid=0481038e  status=200  title='Bez tytułu' err=None
[body ] 294/322  pid=d51da07d  status=200  title='Bez tytułu' err=None
[body ] 295/322  pid=6e47ce04  status=200  title='Bez tytułu' err=None
[body ] 296/322  pid=0427e11d  status=200  title='Bez tytułu' err=None
[body ] 297/322  pid=311e6bc8  status=200  title='Bez tytułu' err=None
[body ] 298/322  pid=5301aec3  status=200  title='Bez tytułu' err=None
[body ] 299/322  pid=72801cc5  status=200  title='Bez tytułu' err=None
[body ] 300/322  pid=29e56c8a  status=200  title='Bez tytułu' err=None
[body ] 301/322  pid=c14cc30d  status=200  title='Bez tytułu' err=None
[body ] 302/322  pid=1745cdb8  status=200  title='Bez tytułu' err=None
[body ] 303/322  pid=4a4b3f01  status=200  title='Bez tytułu' err=None
[body ] 304/322  pid=4daecc9c  status=200  title='Bez tytułu' err=None
[body ] 305/322  pid=21efa0b4  status=200  title='Bez tytułu' err=None
[body ] 306/322  pid=039789b4  status=200  title='Bez tytułu' err=None
[body ] 307/322  pid=a11ae61a  status=200  title='Bez tytułu' err=None
[body ] 308/322  pid=3e45a721  status=200  title='Bez tytułu' err=None
[body ] 309/322  pid=3c098cad  status=200  title='Re: Bez tytułu' err=None
[body ] 310/322  pid=2498143a  status=200  title='Bez tytułu' err=None
[body ] 311/322  pid=59ce4475  status=200  title='Bez tytułu' err=None
[body ] 312/322  pid=f679e1fc  status=200  title='Bez tytułu' err=None
[body ] 313/322  pid=6f0f3979  status=200  title='Bez tytułu' err=None
[body ] 314/322  pid=44556d52  status=200  title='Bez tytułu' err=None
[body ] 315/322  pid=d3b216d2  status=200  title='Bez tytułu' err=None
[body ] 316/322  pid=af235901  status=200  title='Bez tytułu' err=None
[body ] 317/322  pid=722ef110  status=200  title='Bez tytułu' err=None
[body ] 318/322  pid=efa40029  status=200  title='Bez tytułu' err=None
[body ] 319/322  pid=dde90720  status=200  title='m_unauthban.c' err=None
[body ] 320/322  pid=085eec9e  status=200  title='m_unauthban' err=None
[body ] 321/322  pid=95031789  status=200  title='Bez tytułu' err=None
[body ] 322/322  pid=f169b389  status=200  title='Bez tytułu' err=None
wrote 322 index rows and 322 bodies to /collusionwiki/scrape/outputs/pastebin-k4be
