[scrape] host=https://pastie.iem.at/  name=pastie.iem.at
[index] offset=   0  parsed=31  new=31  total=31
[index] offset=  15  parsed=16  new= 0  total=31
[index] offset=  30  parsed= 1  new= 0  total=31
[body ]    1/31  pid=3d9283d6  status=200  title=None err=None
[body ]    2/31  pid=6d6dace0  status=200  title=None err=None
[body ]    3/31  pid=f4338e6b  status=200  title=None err=None
[body ]    4/31  pid=64f6c448  status=200  title=None err=None
[body ]    5/31  pid=cb699e34  status=200  title=None err=None
[body ]    6/31  pid=cdddca66  status=200  title=None err=None
[body ]    7/31  pid=07368c96  status=200  title=None err=None
[body ]    8/31  pid=93c4d5b5  status=200  title=None err=None
[body ]    9/31  pid=d0a4edde  status=200  title=None err=None
[body ]   10/31  pid=e17f0103  status=200  title=None err=None
[body ]   11/31  pid=52eb7239  status=200  title=None err=None
[body ]   12/31  pid=d6bc234e  status=200  title=None err=None
[body ]   13/31  pid=1c56f3d6  status=200  title=None err=None
[body ]   14/31  pid=a2e50e35  status=200  title=None err=None
[body ]   15/31  pid=7e166ff5  status=200  title=None err=None
[body ]   16/31  pid=98608e11  status=200  title=None err=None
[body ]   17/31  pid=1a21c2af  status=200  title=None err=None
[body ]   18/31  pid=24b19eb3  status=200  title=None err=None
[body ]   19/31  pid=2122f9db  status=200  title=None err=None
[body ]   20/31  pid=996b6ace  status=200  title=None err=None
[body ]   21/31  pid=71796205  status=200  title=None err=None
[body ]   22/31  pid=c8a687e1  status=200  title=None err=None
[body ]   23/31  pid=bb0c4867  status=200  title=None err=None
[body ]   24/31  pid=82f714cc  status=200  title=None err=None
[body ]   25/31  pid=a194328b  status=200  title=None err=None
[body ]   26/31  pid=feb5ce59  status=200  title=None err=None
[body ]   27/31  pid=988cb247  status=200  title=None err=None
[body ]   28/31  pid=9d4926aa  status=200  title=None err=None
[body ]   29/31  pid=ea5b12b7  status=200  title=None err=None
[body ]   30/31  pid=c026288b  status=200  title=None err=None
[body ]   31/31  pid=4255cd31  status=200  title=None err=None
[scrape] wrote 31 index / 31 bodies to /collusionwiki/scrape/outputs/pastie.iem.at
