[scrape] host=https://paste.steamr.com/  name=paste.steamr.com
[index] offset=   0  parsed=15  new=15  total=15
[index] offset=  15  parsed=15  new=15  total=30
[index] offset=  30  parsed=15  new=15  total=45
[index] offset=  45  parsed=15  new=15  total=60
[index] offset=  60  parsed=15  new=15  total=75
[index] offset=  75  parsed=15  new=15  total=90
[index] offset=  90  parsed=15  new=15  total=105
[index] offset= 105  parsed=15  new=15  total=120
[index] offset= 120  parsed=15  new=15  total=135
[index] offset= 135  parsed=15  new=15  total=150
[index] offset= 150  parsed=15  new=15  total=165
[index] offset= 165  parsed= 7  new= 7  total=172
[body ]    1/172  pid=8a4028f7  status=200  title=None err=None
[body ]    2/172  pid=97e71c82  status=200  title=None err=None
[body ]    3/172  pid=870fc00d  status=200  title=None err=None
[body ]    4/172  pid=6a86f51b  status=200  title=None err=None
[body ]    5/172  pid=c93e26cd  status=200  title=None err=None
[body ]    6/172  pid=9d3872b7  status=200  title=None err=None
[body ]    7/172  pid=f34752bd  status=200  title=None err=None
[body ]    8/172  pid=07170d98  status=200  title=None err=None
[body ]    9/172  pid=39ebe519  status=200  title=None err=None
[body ]   10/172  pid=99a598e2  status=200  title=None err=None
[body ]   11/172  pid=0b0a87b2  status=200  title=None err=None
[body ]   12/172  pid=d415d113  status=200  title=None err=None
[body ]   13/172  pid=a89f1ad6  status=200  title=None err=None
[body ]   14/172  pid=3dc19c39  status=200  title=None err=None
[body ]   15/172  pid=e147a0b6  status=200  title=None err=None
[body ]   16/172  pid=2b1addbb  status=200  title=None err=None
[body ]   17/172  pid=c2ba3039  status=200  title=None err=None
[body ]   18/172  pid=f2121a38  status=200  title=None err=None
[body ]   19/172  pid=00551d94  status=200  title=None err=None
[body ]   20/172  pid=ddc71148  status=200  title=None err=None
[body ]   21/172  pid=e09f3fee  status=200  title=None err=None
[body ]   22/172  pid=9fce8cad  status=200  title=None err=None
[body ]   23/172  pid=4201746c  status=200  title=None err=None
[body ]   24/172  pid=8d60528d  status=200  title=None err=None
[body ]   25/172  pid=1e20eb28  status=200  title=None err=None
[body ]   26/172  pid=95fd42f8  status=200  title=None err=None
[body ]   27/172  pid=2bb792f6  status=200  title=None err=None
[body ]   28/172  pid=3040eedb  status=200  title=None err=None
[body ]   29/172  pid=27e418ad  status=200  title=None err=None
[body ]   30/172  pid=70fcb352  status=200  title=None err=None
[body ]   31/172  pid=183158fe  status=200  title=None err=None
[body ]   32/172  pid=5ab81ce7  status=200  title=None err=None
[body ]   33/172  pid=5388d74a  status=200  title=None err=None
[body ]   34/172  pid=b7fd12cd  status=200  title=None err=None
[body ]   35/172  pid=f188125e  status=200  title=None err=None
[body ]   36/172  pid=39a6c4a2  status=200  title=None err=None
[body ]   37/172  pid=4f884f8c  status=200  title=None err=None
[body ]   38/172  pid=2fab5e33  status=200  title=None err=None
[body ]   39/172  pid=ed41e33f  status=200  title=None err=None
[body ]   40/172  pid=46b8832d  status=200  title=None err=None
[body ]   41/172  pid=42e1a4c7  status=200  title=None err=None
[body ]   42/172  pid=94604a32  status=200  title=None err=None
[body ]   43/172  pid=7fc3aa92  status=200  title=None err=None
[body ]   44/172  pid=f9b11635  status=200  title=None err=None
[body ]   45/172  pid=f6aa2e63  status=200  title=None err=None
[body ]   46/172  pid=c1f0e34d  status=200  title=None err=None
[body ]   47/172  pid=8898ba88  status=200  title=None err=None
[body ]   48/172  pid=b178b98d  status=200  title=None err=None
[body ]   49/172  pid=a5cc7145  status=200  title=None err=None
[body ]   50/172  pid=475b04ac  status=200  title=None err=None
[body ]   51/172  pid=572a60d3  status=200  title=None err=None
[body ]   52/172  pid=26aba70e  status=200  title=None err=None
[body ]   53/172  pid=1e0b7a3b  status=200  title=None err=None
[body ]   54/172  pid=e4a9829f  status=200  title=None err=None
[body ]   55/172  pid=1c128e28  status=200  title=None err=None
[body ]   56/172  pid=2e3c2ce7  status=200  title=None err=None
[body ]   57/172  pid=1ff8624d  status=200  title=None err=None
[body ]   58/172  pid=1f8d3c48  status=200  title=None err=None
[body ]   59/172  pid=f0149b38  status=200  title=None err=None
[body ]   60/172  pid=2ed6de37  status=200  title=None err=None
[body ]   61/172  pid=32615695  status=200  title=None err=None
[body ]   62/172  pid=e3812b09  status=200  title=None err=None
[body ]   63/172  pid=d2de5c39  status=200  title=None err=None
[body ]   64/172  pid=cd4b5665  status=200  title=None err=None
[body ]   65/172  pid=e871c717  status=200  title=None err=None
[body ]   66/172  pid=dcc0fe1c  status=200  title=None err=None
[body ]   67/172  pid=791d8f1d  status=200  title=None err=None
[body ]   68/172  pid=68f0e85e  status=200  title=None err=None
[body ]   69/172  pid=9f982366  status=200  title=None err=None
[body ]   70/172  pid=23da50b7  status=200  title=None err=None
[body ]   71/172  pid=baef7d0f  status=200  title=None err=None
[body ]   72/172  pid=93a51702  status=200  title=None err=None
[body ]   73/172  pid=2ff473cd  status=200  title=None err=None
[body ]   74/172  pid=1d8383ad  status=200  title=None err=None
[body ]   75/172  pid=8683c818  status=200  title=None err=None
[body ]   76/172  pid=00c663aa  status=200  title=None err=None
[body ]   77/172  pid=e5016f8a  status=200  title=None err=None
[body ]   78/172  pid=ab54192e  status=200  title=None err=None
[body ]   79/172  pid=988b3789  status=200  title=None err=None
[body ]   80/172  pid=f289fc15  status=200  title=None err=None
[body ]   81/172  pid=b94e365b  status=200  title=None err=None
[body ]   82/172  pid=e72d9bd5  status=200  title=None err=None
[body ]   83/172  pid=2a754063  status=200  title=None err=None
[body ]   84/172  pid=72d451f8  status=200  title=None err=None
[body ]   85/172  pid=ae9cf292  status=200  title=None err=None
[body ]   86/172  pid=bd20ac1d  status=200  title=None err=None
[body ]   87/172  pid=aef98812  status=200  title=None err=None
[body ]   88/172  pid=4066dc41  status=200  title=None err=None
[body ]   89/172  pid=54b9e45f  status=200  title=None err=None
[body ]   90/172  pid=a837c910  status=200  title=None err=None
[body ]   91/172  pid=8df0fa1f  status=200  title=None err=None
[body ]   92/172  pid=033411ec  status=200  title=None err=None
[body ]   93/172  pid=435fcf21  status=200  title=None err=None
[body ]   94/172  pid=63422087  status=200  title=None err=None
[body ]   95/172  pid=0bb69404  status=200  title=None err=None
[body ]   96/172  pid=13d9a9fe  status=200  title=None err=None
[body ]   97/172  pid=6f163c16  status=200  title=None err=None
[body ]   98/172  pid=68707874  status=200  title=None err=None
[body ]   99/172  pid=15231e4c  status=200  title=None err=None
[body ]  100/172  pid=465c6fbd  status=200  title=None err=None
[body ]  101/172  pid=023ca217  status=200  title=None err=None
[body ]  102/172  pid=7134b7fa  status=200  title=None err=None
[body ]  103/172  pid=99623661  status=200  title=None err=None
[body ]  104/172  pid=f1a7c234  status=200  title=None err=None
[body ]  105/172  pid=51e831d7  status=200  title=None err=None
[body ]  106/172  pid=dd708a94  status=200  title=None err=None
[body ]  107/172  pid=dd2bebf4  status=200  title=None err=None
[body ]  108/172  pid=9b0b3ffe  status=200  title=None err=None
[body ]  109/172  pid=81e2a6fa  status=200  title=None err=None
[body ]  110/172  pid=06fcb018  status=200  title=None err=None
[body ]  111/172  pid=fdb6eddf  status=200  title=None err=None
[body ]  112/172  pid=986752a0  status=200  title=None err=None
[body ]  113/172  pid=45cac9d9  status=200  title=None err=None
[body ]  114/172  pid=227e94ab  status=200  title=None err=None
[body ]  115/172  pid=82b618a2  status=200  title=None err=None
[body ]  116/172  pid=2f4f7263  status=200  title=None err=None
[body ]  117/172  pid=2c8a8da8  status=200  title=None err=None
[body ]  118/172  pid=6f9e57e3  status=200  title=None err=None
[body ]  119/172  pid=5892266b  status=200  title=None err=None
[body ]  120/172  pid=7974ba25  status=200  title=None err=None
[body ]  121/172  pid=287eca75  status=200  title=None err=None
[body ]  122/172  pid=f02c109c  status=200  title=None err=None
[body ]  123/172  pid=0fe63791  status=200  title=None err=None
[body ]  124/172  pid=792dfbdf  status=200  title=None err=None
[body ]  125/172  pid=baecc383  status=200  title=None err=None
[body ]  126/172  pid=0b264f95  status=200  title=None err=None
[body ]  127/172  pid=7b47dded  status=200  title=None err=None
[body ]  128/172  pid=308beb49  status=200  title=None err=None
[body ]  129/172  pid=4d3e91d1  status=200  title=None err=None
[body ]  130/172  pid=e0916878  status=200  title=None err=None
[body ]  131/172  pid=c1161ebe  status=200  title=None err=None
[body ]  132/172  pid=3ef7f4e0  status=200  title=None err=None
[body ]  133/172  pid=8e09576e  status=200  title=None err=None
[body ]  134/172  pid=8cff58b8  status=200  title=None err=None
[body ]  135/172  pid=d26907e1  status=200  title=None err=None
[body ]  136/172  pid=1d9a88c1  status=200  title=None err=None
[body ]  137/172  pid=417f3fa0  status=200  title=None err=None
[body ]  138/172  pid=08ddc6b3  status=200  title=None err=None
[body ]  139/172  pid=16d3c471  status=200  title=None err=None
[body ]  140/172  pid=00f7a668  status=200  title=None err=None
[body ]  141/172  pid=62b26b34  status=200  title=None err=None
[body ]  142/172  pid=440ef09b  status=200  title=None err=None
[body ]  143/172  pid=9acabc3b  status=200  title=None err=None
[body ]  144/172  pid=979bb8e6  status=200  title=None err=None
[body ]  145/172  pid=30b22dc8  status=200  title=None err=None
[body ]  146/172  pid=2d46dd7a  status=200  title=None err=None
[body ]  147/172  pid=9be83c08  status=200  title=None err=None
[body ]  148/172  pid=665a38be  status=200  title=None err=None
[body ]  149/172  pid=39283dda  status=200  title=None err=None
[body ]  150/172  pid=887b6acd  status=200  title=None err=None
[body ]  151/172  pid=1d761db1  status=200  title=None err=None
[body ]  152/172  pid=1726574f  status=200  title=None err=None
[body ]  153/172  pid=67b85376  status=200  title=None err=None
[body ]  154/172  pid=875c1640  status=200  title=None err=None
[body ]  155/172  pid=5414f884  status=200  title=None err=None
[body ]  156/172  pid=fc863961  status=200  title=None err=None
[body ]  157/172  pid=7c6582e7  status=200  title=None err=None
[body ]  158/172  pid=3f9dddda  status=200  title=None err=None
[body ]  159/172  pid=77f70662  status=200  title=None err=None
[body ]  160/172  pid=fa99eb3e  status=200  title=None err=None
[body ]  161/172  pid=c80ed686  status=200  title=None err=None
[body ]  162/172  pid=3b071af8  status=200  title=None err=None
[body ]  163/172  pid=4b8e7220  status=200  title=None err=None
[body ]  164/172  pid=92e3fe71  status=200  title=None err=None
[body ]  165/172  pid=c7aa2820  status=200  title=None err=None
[body ]  166/172  pid=379195ac  status=200  title=None err=None
[body ]  167/172  pid=56e50d48  status=200  title=None err=None
[body ]  168/172  pid=0bc18ad4  status=200  title=None err=None
[body ]  169/172  pid=a472a8a5  status=200  title=None err=None
[body ]  170/172  pid=8b1eb9fe  status=200  title=None err=None
[body ]  171/172  pid=07884157  status=200  title=None err=None
[body ]  172/172  pid=9b4ebb6d  status=200  title=None err=None
[scrape] wrote 172 index / 172 bodies to /collusionwiki/scrape/outputs/paste.steamr.com
