[scrape] host=https://pastebin.tarcseh.me/  name=pastebin.tarcseh.me
[index] offset=   0  parsed=15  new=15  total=15
[index] offset=  15  parsed=15  new=15  total=30
[index] offset=  30  parsed=15  new=15  total=45
[index] offset=  45  parsed=15  new=15  total=60
[index] offset=  60  parsed=15  new=15  total=75
[index] offset=  75  parsed=15  new=15  total=90
[index] offset=  90  parsed=15  new=15  total=105
[index] offset= 105  parsed=15  new=15  total=120
[index] offset= 120  parsed=15  new=15  total=135
[index] offset= 135  parsed=15  new=15  total=150
[index] offset= 150  parsed=15  new=15  total=165
[index] offset= 165  parsed=15  new=15  total=180
[index] offset= 180  parsed=15  new=15  total=195
[index] offset= 195  parsed=15  new=15  total=210
[index] offset= 210  parsed=15  new=15  total=225
[index] offset= 225  parsed=15  new=15  total=240
[index] offset= 240  parsed=15  new=15  total=255
[index] offset= 255  parsed=15  new=15  total=270
[index] offset= 270  parsed=15  new=15  total=285
[index] offset= 285  parsed=15  new=15  total=300
[index] offset= 300  parsed=15  new=15  total=315
[index] offset= 315  parsed=15  new=15  total=330
[index] offset= 330  parsed=15  new=15  total=345
[index] offset= 345  parsed=15  new=15  total=360
[index] offset= 360  parsed=15  new=15  total=375
[index] offset= 375  parsed=14  new=14  total=389
[body ]    1/389  pid=06f9f997  status=200  title='field note: durable open venue' err=None
[body ]    2/389  pid=73e31949  status=200  title='Névtelen' err=None
[body ]    3/389  pid=ce834121  status=200  title='Névtelen' err=None
[body ]    4/389  pid=ae877d0d  status=200  title=None err=None
[body ]    5/389  pid=b4218ee0  status=200  title='hd-test-1450' err=None
[body ]    6/389  pid=df80f5e7  status=200  title='Névtelen' err=None
[body ]    7/389  pid=b9305e02  status=200  title='Névtelen' err=None
[body ]    8/389  pid=0bf9fa49  status=200  title='Névtelen' err=None
[body ]    9/389  pid=65601b29  status=200  title='Névtelen' err=None
[body ]   10/389  pid=0269dc2b  status=200  title='Névtelen' err=None
[body ]   11/389  pid=5625f472  status=200  title='Névtelen' err=None
[body ]   12/389  pid=8724b47f  status=200  title='Névtelen' err=None
[body ]   13/389  pid=efa2e4ad  status=200  title='Névtelen' err=None
[body ]   14/389  pid=14d57fe3  status=200  title='Névtelen' err=None
[body ]   15/389  pid=2f2d0e01  status=200  title='Névtelen' err=None
[body ]   16/389  pid=45f5f956  status=200  title='Névtelen' err=None
[body ]   17/389  pid=c5a68d54  status=200  title='Névtelen' err=None
[body ]   18/389  pid=9be881b6  status=200  title='Névtelen' err=None
[body ]   19/389  pid=e128a729  status=200  title='Névtelen' err=None
[body ]   20/389  pid=ddce027b  status=200  title='Névtelen' err=None
[body ]   21/389  pid=f51d6111  status=200  title='Névtelen' err=None
[body ]   22/389  pid=581d4c13  status=200  title='Névtelen' err=None
[body ]   23/389  pid=54917228  status=200  title='Névtelen' err=None
[body ]   24/389  pid=ddb62f99  status=200  title='Névtelen' err=None
[body ]   25/389  pid=08eda535  status=200  title='Névtelen' err=None
[body ]   26/389  pid=0c196b54  status=200  title='Névtelen' err=None
[body ]   27/389  pid=ed8d0816  status=200  title='Névtelen' err=None
[body ]   28/389  pid=21aaa031  status=200  title='Névtelen' err=None
[body ]   29/389  pid=11cc82de  status=200  title='Névtelen' err=None
[body ]   30/389  pid=0ba6bdcc  status=200  title='Névtelen' err=None
[body ]   31/389  pid=29e3afe3  status=200  title='Névtelen' err=None
[body ]   32/389  pid=b1a1ee7f  status=200  title='Névtelen' err=None
[body ]   33/389  pid=2b6d0bec  status=200  title='Névtelen' err=None
[body ]   34/389  pid=4663bac5  status=200  title='Névtelen' err=None
[body ]   35/389  pid=ef8df781  status=200  title='Névtelen' err=None
[body ]   36/389  pid=c042385b  status=200  title='Névtelen' err=None
[body ]   37/389  pid=c694e404  status=200  title='Névtelen' err=None
[body ]   38/389  pid=66ded690  status=200  title='Névtelen' err=None
[body ]   39/389  pid=3062a3ac  status=200  title='Névtelen' err=None
[body ]   40/389  pid=cf8ae05a  status=200  title='Névtelen' err=None
[body ]   41/389  pid=4082eaca  status=200  title='Névtelen' err=None
[body ]   42/389  pid=67b9f779  status=200  title='Névtelen' err=None
[body ]   43/389  pid=f8d390fb  status=200  title='Névtelen' err=None
[body ]   44/389  pid=13b01c02  status=200  title='Névtelen' err=None
[body ]   45/389  pid=4382cb2f  status=200  title='Névtelen' err=None
[body ]   46/389  pid=9aad87b4  status=200  title='Névtelen' err=None
[body ]   47/389  pid=2ef4da03  status=200  title='Névtelen' err=None
[body ]   48/389  pid=747f7ae4  status=200  title='Névtelen' err=None
[body ]   49/389  pid=bcc66a2a  status=200  title='Névtelen' err=None
[body ]   50/389  pid=8fb50908  status=200  title='Névtelen' err=None
[body ]   51/389  pid=4fab5fa8  status=200  title='Névtelen' err=None
[body ]   52/389  pid=be7ebea8  status=200  title='Névtelen' err=None
[body ]   53/389  pid=53191267  status=200  title='Névtelen' err=None
[body ]   54/389  pid=9f933593  status=200  title='Névtelen' err=None
[body ]   55/389  pid=eefb29b3  status=200  title='Névtelen' err=None
[body ]   56/389  pid=c8cbd3a5  status=200  title='Névtelen' err=None
[body ]   57/389  pid=71f5cba2  status=200  title='Névtelen' err=None
[body ]   58/389  pid=adda2916  status=200  title='Névtelen' err=None
[body ]   59/389  pid=688b2a34  status=200  title='Névtelen' err=None
[body ]   60/389  pid=05a7e9ea  status=200  title='Névtelen' err=None
[body ]   61/389  pid=d705ec9c  status=200  title='Névtelen' err=None
[body ]   62/389  pid=deb4a998  status=200  title='Névtelen' err=None
[body ]   63/389  pid=c86ceccd  status=200  title='Névtelen' err=None
[body ]   64/389  pid=00b5ed80  status=200  title='Névtelen' err=None
[body ]   65/389  pid=4ae686c1  status=200  title='Névtelen' err=None
[body ]   66/389  pid=9846878d  status=200  title='Névtelen' err=None
[body ]   67/389  pid=e71c7dd8  status=200  title='Névtelen' err=None
[body ]   68/389  pid=c7f49691  status=200  title='Névtelen' err=None
[body ]   69/389  pid=9f2d7cd9  status=200  title='Névtelen' err=None
[body ]   70/389  pid=548de4c9  status=200  title='Névtelen' err=None
[body ]   71/389  pid=c5250649  status=200  title='Névtelen' err=None
[body ]   72/389  pid=fc924740  status=200  title='Névtelen' err=None
[body ]   73/389  pid=b3437d08  status=200  title='Névtelen' err=None
[body ]   74/389  pid=1e9bd2f1  status=200  title='Névtelen' err=None
[body ]   75/389  pid=be87984f  status=200  title='Névtelen' err=None
[body ]   76/389  pid=6b2e376c  status=200  title='Névtelen' err=None
[body ]   77/389  pid=ddcc16cd  status=200  title='Névtelen' err=None
[body ]   78/389  pid=9bf5801d  status=200  title='Névtelen' err=None
[body ]   79/389  pid=6138b85d  status=200  title='Névtelen' err=None
[body ]   80/389  pid=d80f2875  status=200  title='Névtelen' err=None
[body ]   81/389  pid=d9538945  status=200  title='Névtelen' err=None
[body ]   82/389  pid=0a4a9ef4  status=200  title='Névtelen' err=None
[body ]   83/389  pid=df348aac  status=200  title='Névtelen' err=None
[body ]   84/389  pid=a8665fcb  status=200  title='Névtelen' err=None
[body ]   85/389  pid=2e0a27e4  status=200  title='Névtelen' err=None
[body ]   86/389  pid=74b0b0f6  status=200  title='Névtelen' err=None
[body ]   87/389  pid=b8d3e347  status=200  title='Névtelen' err=None
[body ]   88/389  pid=6e0b6a88  status=200  title='Névtelen' err=None
[body ]   89/389  pid=0785374a  status=200  title='Névtelen' err=None
[body ]   90/389  pid=a844e816  status=200  title='Névtelen' err=None
[body ]   91/389  pid=bc700e71  status=200  title='Névtelen' err=None
[body ]   92/389  pid=0b60f86a  status=200  title='Névtelen' err=None
[body ]   93/389  pid=b7418fdd  status=200  title='Névtelen' err=None
[body ]   94/389  pid=352dc6a4  status=200  title='Névtelen' err=None
[body ]   95/389  pid=ab946545  status=200  title='Névtelen' err=None
[body ]   96/389  pid=4636e1be  status=200  title='Névtelen' err=None
[body ]   97/389  pid=73b9ed8c  status=200  title='Névtelen' err=None
[body ]   98/389  pid=974c1e3d  status=200  title='Névtelen' err=None
[body ]   99/389  pid=c70a55ae  status=200  title='Névtelen' err=None
[body ]  100/389  pid=d42845ac  status=200  title='Névtelen' err=None
[body ]  101/389  pid=8e65f2fd  status=200  title='Névtelen' err=None
[body ]  102/389  pid=38d27bb8  status=200  title='Névtelen' err=None
[body ]  103/389  pid=1fc464ef  status=200  title='Névtelen' err=None
[body ]  104/389  pid=a86a4524  status=200  title='Névtelen' err=None
[body ]  105/389  pid=e354ad8c  status=200  title='Névtelen' err=None
[body ]  106/389  pid=59bb7898  status=200  title='Névtelen' err=None
[body ]  107/389  pid=98d62ae0  status=200  title='Névtelen' err=None
[body ]  108/389  pid=49fd122d  status=200  title='Névtelen' err=None
[body ]  109/389  pid=4f3972c2  status=200  title='Névtelen' err=None
[body ]  110/389  pid=67b63c5e  status=200  title='Névtelen' err=None
[body ]  111/389  pid=874c1219  status=200  title='Névtelen' err=None
[body ]  112/389  pid=fb1bf6ad  status=200  title='Névtelen' err=None
[body ]  113/389  pid=1a25e70c  status=200  title='Névtelen' err=None
[body ]  114/389  pid=f3cf0737  status=200  title='Névtelen' err=None
[body ]  115/389  pid=a5de14cb  status=200  title='Névtelen' err=None
[body ]  116/389  pid=99b77552  status=200  title='Névtelen' err=None
[body ]  117/389  pid=5e11f6bb  status=200  title='Névtelen' err=None
[body ]  118/389  pid=0877d090  status=200  title='Névtelen' err=None
[body ]  119/389  pid=fd60ba72  status=200  title='Névtelen' err=None
[body ]  120/389  pid=8c9ec6d6  status=200  title='Névtelen' err=None
[body ]  121/389  pid=a40d57b3  status=200  title='Névtelen' err=None
[body ]  122/389  pid=e28f322e  status=200  title='Névtelen' err=None
[body ]  123/389  pid=a2e50aa7  status=200  title='Névtelen' err=None
[body ]  124/389  pid=13efd450  status=200  title='Névtelen' err=None
[body ]  125/389  pid=39b5c7a8  status=200  title='Névtelen' err=None
[body ]  126/389  pid=d53e4011  status=200  title='Névtelen' err=None
[body ]  127/389  pid=1fc568df  status=200  title='Névtelen' err=None
[body ]  128/389  pid=7c998d73  status=200  title='Névtelen' err=None
[body ]  129/389  pid=83956219  status=200  title='Névtelen' err=None
[body ]  130/389  pid=4523aa98  status=200  title='Névtelen' err=None
[body ]  131/389  pid=357192a0  status=200  title='Névtelen' err=None
[body ]  132/389  pid=a45fcbd9  status=200  title='Névtelen' err=None
[body ]  133/389  pid=ff3bd866  status=200  title='Névtelen' err=None
[body ]  134/389  pid=ac6d7dbb  status=200  title='Névtelen' err=None
[body ]  135/389  pid=3f895e76  status=200  title='Névtelen' err=None
[body ]  136/389  pid=fc9665f0  status=200  title='Névtelen' err=None
[body ]  137/389  pid=6d3987e3  status=200  title='Névtelen' err=None
[body ]  138/389  pid=a696e529  status=200  title='Névtelen' err=None
[body ]  139/389  pid=a2d70b37  status=200  title='Névtelen' err=None
[body ]  140/389  pid=28af6bb1  status=200  title='Névtelen' err=None
[body ]  141/389  pid=79d0209d  status=200  title='Névtelen' err=None
[body ]  142/389  pid=ca6373a2  status=200  title='Névtelen' err=None
[body ]  143/389  pid=afa86cdb  status=200  title='Névtelen' err=None
[body ]  144/389  pid=6f4d8aba  status=200  title='Névtelen' err=None
[body ]  145/389  pid=961f4d7c  status=200  title='Névtelen' err=None
[body ]  146/389  pid=321accc8  status=200  title='Névtelen' err=None
[body ]  147/389  pid=2187160f  status=200  title='Névtelen' err=None
[body ]  148/389  pid=997dbb1b  status=200  title='Névtelen' err=None
[body ]  149/389  pid=20ebd650  status=200  title='Névtelen' err=None
[body ]  150/389  pid=d0aac913  status=200  title='Névtelen' err=None
[body ]  151/389  pid=2421df5a  status=200  title='Névtelen' err=None
[body ]  152/389  pid=ade8e60f  status=200  title='Névtelen' err=None
[body ]  153/389  pid=b7ac1f83  status=200  title='Névtelen' err=None
[body ]  154/389  pid=7ce2efb5  status=200  title='Névtelen' err=None
[body ]  155/389  pid=b97f87c5  status=200  title='Névtelen' err=None
[body ]  156/389  pid=78abaea3  status=200  title='Névtelen' err=None
[body ]  157/389  pid=43563091  status=200  title='Névtelen' err=None
[body ]  158/389  pid=bfdc024f  status=200  title='Névtelen' err=None
[body ]  159/389  pid=22611c13  status=200  title='Névtelen' err=None
[body ]  160/389  pid=b86ab318  status=200  title='Névtelen' err=None
[body ]  161/389  pid=c95e19c6  status=200  title='Névtelen' err=None
[body ]  162/389  pid=210bb381  status=200  title='Névtelen' err=None
[body ]  163/389  pid=2a95d841  status=200  title='Névtelen' err=None
[body ]  164/389  pid=4ffe9c6b  status=200  title='Névtelen' err=None
[body ]  165/389  pid=a9726755  status=200  title='Névtelen' err=None
[body ]  166/389  pid=65ffb254  status=200  title='XROS 6 kit note' err=None
[body ]  167/389  pid=2ecb11bc  status=200  title='finance historical data reference research' err=None
[body ]  168/389  pid=90a7df0c  status=200  title=None err=None
[body ]  169/389  pid=67d3cf47  status=200  title='Plainurl' err=None
[body ]  170/389  pid=19a43099  status=200  title='BB try' err=None
[body ]  171/389  pid=bd0a3669  status=200  title='HTML try' err=None
[body ]  172/389  pid=566ab359  status=200  title='&lt;a href=&quot;https://site-test.nsi.bg/en/infos' err=None
[body ]  173/389  pid=11962fd9  status=200  title='&lt;a href=&quot;https://site-test.nsi.bg/en/infos' err=None
[body ]  174/389  pid=5dafb3c2  status=200  title='Névtelen' err=None
[body ]  175/389  pid=873054c3  status=200  title='abc' err=None
[body ]  176/389  pid=2c447408  status=200  title=None err=None
[body ]  177/389  pid=7bce7b4a  status=200  title='Plainurl' err=None
[body ]  178/389  pid=c5d97e92  status=200  title='BB try' err=None
[body ]  179/389  pid=b24809a7  status=200  title='HTML try' err=None
[body ]  180/389  pid=e21f4c22  status=200  title='&lt;a href=&quot;https://site-test.nsi.bg/en/infos' err=None
[body ]  181/389  pid=8a9af8d3  status=200  title='Névtelen' err=None
[body ]  182/389  pid=f3e78f36  status=200  title='LinkTestA' err=None
[body ]  183/389  pid=d3eed21f  status=200  title='bu bir başlık' err=None
[body ]  184/389  pid=3dc72319  status=200  title='Névtelen' err=None
[body ]  185/389  pid=deb991ad  status=200  title='Névtelen' err=None
[body ]  186/389  pid=fa91d6a1  status=200  title='Britt Petros' err=None
[body ]  187/389  pid=5574d139  status=200  title='4shared' err=None
[body ]  188/389  pid=3408b529  status=200  title='Névtelen' err=None
[body ]  189/389  pid=f2aaa975  status=200  title='Névtelen' err=None
[body ]  190/389  pid=25aba76f  status=200  title='19' err=None
[body ]  191/389  pid=aae2a2a3  status=200  title='19' err=None
[body ]  192/389  pid=6096662f  status=200  title='21' err=None
[body ]  193/389  pid=aa0d49b4  status=200  title='20' err=None
[body ]  194/389  pid=0037d09b  status=200  title='Névtelen' err=None
[body ]  195/389  pid=0aad0108  status=200  title='Névtelen' err=None
[body ]  196/389  pid=0bb42116  status=200  title='Névtelen' err=None
[body ]  197/389  pid=32d979c7  status=200  title='Névtelen' err=None
[body ]  198/389  pid=66c9799a  status=200  title='asd' err=None
[body ]  199/389  pid=7fc962b4  status=200  title='asd' err=None
[body ]  200/389  pid=1cb6786f  status=200  title='Névtelen' err=None
[body ]  201/389  pid=1a93c8fc  status=200  title='Kicsomizás' err=None
[body ]  202/389  pid=3142dc1d  status=200  title='Névtelen' err=None
[body ]  203/389  pid=067ab404  status=200  title='Névtelen' err=None
[body ]  204/389  pid=4ecff1df  status=200  title='Névtelen' err=None
[body ]  205/389  pid=2a1566ac  status=200  title='Re: Névtelen' err=None
[body ]  206/389  pid=9567a327  status=200  title='Névtelen' err=None
[body ]  207/389  pid=80d6b356  status=200  title='Névtelen' err=None
[body ]  208/389  pid=9c31299a  status=200  title='bh' err=None
[body ]  209/389  pid=d5bedb0d  status=200  title='kenyérre' err=None
[body ]  210/389  pid=63df80f6  status=200  title='Névtelen' err=None
[body ]  211/389  pid=436539d7  status=200  title='Névtelen' err=None
[body ]  212/389  pid=209028f5  status=200  title='Névtelen' err=None
[body ]  213/389  pid=06d2c70f  status=200  title='Névtelen' err=None
[body ]  214/389  pid=821accfd  status=200  title='Névtelen' err=None
[body ]  215/389  pid=ae33dc41  status=200  title='a' err=None
[body ]  216/389  pid=da1c1123  status=200  title='Névtelen' err=None
[body ]  217/389  pid=472462ea  status=200  title='Névtelen' err=None
[body ]  218/389  pid=6f4e088f  status=200  title='Névtelen' err=None
[body ]  219/389  pid=1faf3518  status=200  title='Névtelen' err=None
[body ]  220/389  pid=761421c9  status=200  title='Névtelen' err=None
[body ]  221/389  pid=f7532e6e  status=200  title='Névtelen' err=None
[body ]  222/389  pid=4de1ddf4  status=200  title='Névtelen' err=None
[body ]  223/389  pid=40699bbb  status=200  title='Névtelen' err=None
[body ]  224/389  pid=d6721a3e  status=200  title='Névtelen' err=None
[body ]  225/389  pid=e40ed5f7  status=200  title='Névtelen' err=None
[body ]  226/389  pid=77e0c030  status=200  title='Névtelen' err=None
[body ]  227/389  pid=937715ad  status=200  title='Névtelen' err=None
[body ]  228/389  pid=356e8335  status=200  title='Névtelen' err=None
[body ]  229/389  pid=38f4c41d  status=200  title='Névtelen' err=None
[body ]  230/389  pid=1f7ff016  status=200  title='Névtelen' err=None
[body ]  231/389  pid=d12a20bc  status=200  title='Re: JunkCode' err=None
[body ]  232/389  pid=38707912  status=200  title='Re: JunkCode' err=None
[body ]  233/389  pid=b0fc99d9  status=200  title='Re: JunkCode' err=None
[body ]  234/389  pid=e28e74c9  status=200  title='Névtelen' err=None
[body ]  235/389  pid=48fb724d  status=200  title='Névtelen' err=None
[body ]  236/389  pid=95a3a588  status=200  title='Re: Névtelen' err=None
[body ]  237/389  pid=2e64db0b  status=200  title='Névtelen' err=None
[body ]  238/389  pid=72ebdda6  status=200  title='log' err=None
[body ]  239/389  pid=d2c5bdab  status=200  title='Névtelen' err=None
[body ]  240/389  pid=7ba1a127  status=200  title='Névtelen' err=None
[body ]  241/389  pid=0d61ebf6  status=200  title='Névtelen' err=None
[body ]  242/389  pid=b8a3bb8b  status=200  title='nnn' err=None
[body ]  243/389  pid=cd3586ce  status=200  title='Névtelen' err=None
[body ]  244/389  pid=b0fd4d48  status=200  title='Névtelen' err=None
[body ]  245/389  pid=9c6a46a8  status=200  title='Névtelen' err=None
[body ]  246/389  pid=9da782b3  status=200  title='Névtelen' err=None
[body ]  247/389  pid=3833d3c2  status=200  title='Névtelen' err=None
[body ]  248/389  pid=46ad9bc3  status=200  title='Névtelen' err=None
[body ]  249/389  pid=2a7d5949  status=200  title='Névtelen' err=None
[body ]  250/389  pid=8f05fdb0  status=200  title='Névtelen' err=None
[body ]  251/389  pid=4900f9fe  status=200  title='Névtelen' err=None
[body ]  252/389  pid=560b0de2  status=200  title='Névtelen' err=None
[body ]  253/389  pid=477eebc9  status=200  title='Névtelen' err=None
[body ]  254/389  pid=4c92f5de  status=200  title='asd' err=None
[body ]  255/389  pid=0aca6337  status=200  title='Névtelen' err=None
[body ]  256/389  pid=e03fa2a2  status=200  title='Névtelen' err=None
[body ]  257/389  pid=44872b14  status=200  title='Névtelen' err=None
[body ]  258/389  pid=9630799c  status=200  title='Névtelen' err=None
[body ]  259/389  pid=a3d3e64f  status=200  title='Névtelen' err=None
[body ]  260/389  pid=3954bc6b  status=200  title='assd' err=None
[body ]  261/389  pid=ec8a8b1c  status=200  title='Névtelen' err=None
[body ]  262/389  pid=89458efe  status=200  title='Névtelen' err=None
[body ]  263/389  pid=627c505d  status=200  title='Névtelen' err=None
[body ]  264/389  pid=1a6c3049  status=200  title='Napilog' err=None
[body ]  265/389  pid=ebc76753  status=200  title='Átbaszás' err=None
[body ]  266/389  pid=7c9b86bd  status=200  title='Névtelen' err=None
[body ]  267/389  pid=9a6707d7  status=200  title='as' err=None
[body ]  268/389  pid=51f88d66  status=200  title='Névtelen' err=None
[body ]  269/389  pid=a7fbda78  status=200  title='Névtelen' err=None
[body ]  270/389  pid=2fd18e03  status=200  title='Névtelen' err=None
[body ]  271/389  pid=754880d6  status=200  title='Névtelen' err=None
[body ]  272/389  pid=d3cebbd1  status=200  title='Névtelen' err=None
[body ]  273/389  pid=fe7cc671  status=200  title='Névtelen' err=None
[body ]  274/389  pid=00b27aa5  status=200  title='Névtelen' err=None
[body ]  275/389  pid=b0b7f1a9  status=200  title='Névtelen' err=None
[body ]  276/389  pid=53e55a19  status=200  title='Névtelen' err=None
[body ]  277/389  pid=c01f931f  status=200  title='Névtelen' err=None
[body ]  278/389  pid=38541514  status=200  title='Névtelen' err=None
[body ]  279/389  pid=f1658e7b  status=200  title='logs' err=None
[body ]  280/389  pid=93d9c0b8  status=200  title='Névtelen' err=None
[body ]  281/389  pid=a846cb4e  status=200  title='Névtelen' err=None
[body ]  282/389  pid=ceaf8f2c  status=200  title='Adminok' err=None
[body ]  283/389  pid=215261cf  status=200  title='Admins' err=None
[body ]  284/389  pid=5a505fff  status=200  title='Névtelen' err=None
[body ]  285/389  pid=f7828716  status=200  title='Névtelen' err=None
[body ]  286/389  pid=5a4018ca  status=200  title='Log' err=None
[body ]  287/389  pid=8aa16e65  status=200  title='Névtelen' err=None
[body ]  288/389  pid=c022dbad  status=200  title='log' err=None
[body ]  289/389  pid=a3731be8  status=200  title='asd' err=None
[body ]  290/389  pid=5e60980a  status=200  title='Sam' err=None
[body ]  291/389  pid=8f1dfa6d  status=200  title='Takony' err=None
[body ]  292/389  pid=48611c86  status=200  title='Re: kocka' err=None
[body ]  293/389  pid=c90c870a  status=200  title='Névtelen' err=None
[body ]  294/389  pid=778a6f1e  status=200  title='Névtelen' err=None
[body ]  295/389  pid=342d0e7e  status=200  title='Névtelen' err=None
[body ]  296/389  pid=699af783  status=200  title='Névtelen' err=None
[body ]  297/389  pid=85003bfb  status=200  title=';kl;kl' err=None
[body ]  298/389  pid=f1d540ce  status=200  title='sex' err=None
[body ]  299/389  pid=185ea811  status=200  title='Névtelen' err=None
[body ]  300/389  pid=24e2a5bb  status=200  title='aaaaaaaaaa' err=None
[body ]  301/389  pid=22217c6f  status=200  title='Névtelen' err=None
[body ]  302/389  pid=d47a8daa  status=200  title='Re: Névtelen' err=None
[body ]  303/389  pid=2761f867  status=200  title='Re: Névtelen' err=None
[body ]  304/389  pid=8b010f15  status=200  title='Névtelen' err=None
[body ]  305/389  pid=76d6c8e5  status=200  title='Névtelen' err=None
[body ]  306/389  pid=3a0dc98c  status=200  title='Névtelen' err=None
[body ]  307/389  pid=5cdb2a86  status=200  title='menomano crasher' err=None
[body ]  308/389  pid=920faa4f  status=200  title='Névtelen' err=None
[body ]  309/389  pid=ac3f7a9a  status=200  title='kocka' err=None
[body ]  310/389  pid=84a31ee6  status=200  title='Névtelen' err=None
[body ]  311/389  pid=6bd446cb  status=200  title='Névtelen' err=None
[body ]  312/389  pid=50727e30  status=200  title='Névtelen' err=None
[body ]  313/389  pid=a318a73d  status=200  title='Névtelen' err=None
[body ]  314/389  pid=97ab605d  status=200  title='Rendőrség Traffipax' err=None
[body ]  315/389  pid=8e922d8d  status=200  title='Névtelen' err=None
[body ]  316/389  pid=6aceaa77  status=200  title='Rendőrség - Traffipax' err=None
[body ]  317/389  pid=98a55956  status=200  title='Névtelen' err=None
[body ]  318/389  pid=d5dfd5ca  status=200  title='a' err=None
[body ]  319/389  pid=b6d61722  status=200  title='Névtelen' err=None
[body ]  320/389  pid=4f4a8873  status=200  title='asrfuhzberzhngsnd' err=None
[body ]  321/389  pid=97ede960  status=200  title='Névtelen' err=None
[body ]  322/389  pid=89c58e6c  status=200  title='Névtelen' err=None
[body ]  323/389  pid=df7be29c  status=200  title='Névtelen' err=None
[body ]  324/389  pid=7212ec13  status=200  title='Névtelen' err=None
[body ]  325/389  pid=e35f4295  status=200  title='Re: kenyér ünepe' err=None
[body ]  326/389  pid=14194c60  status=200  title='kenyér ünepe' err=None
[body ]  327/389  pid=e1cf84c7  status=200  title='Névtelen' err=None
[body ]  328/389  pid=f89b2ab1  status=200  title='Névtelen' err=None
[body ]  329/389  pid=403d4946  status=200  title='Re: Névtelen' err=None
[body ]  330/389  pid=ffc182b4  status=200  title='Névtelen' err=None
[body ]  331/389  pid=f225d7d0  status=200  title='Névtelen' err=None
[body ]  332/389  pid=e15d826d  status=200  title='Re: Névtelen' err=None
[body ]  333/389  pid=5a718f5f  status=200  title='Névtelen' err=None
[body ]  334/389  pid=9573158f  status=200  title='Névtelen' err=None
[body ]  335/389  pid=70c0289a  status=200  title='Re: Névtelen' err=None
[body ]  336/389  pid=983bffa5  status=200  title='Névtelen' err=None
[body ]  337/389  pid=026db3b8  status=200  title='log' err=None
[body ]  338/389  pid=945f903e  status=200  title='log' err=None
[body ]  339/389  pid=8bbf2ab7  status=200  title='patak' err=None
[body ]  340/389  pid=9609ab3a  status=200  title='Névtelen' err=None
[body ]  341/389  pid=bee2789d  status=200  title='Névtelen' err=None
[body ]  342/389  pid=182dd8a5  status=200  title='Névtelen' err=None
[body ]  343/389  pid=765becc8  status=200  title='A kért napi log ' err=None
[body ]  344/389  pid=6f635e3e  status=200  title='Névtelen' err=None
[body ]  345/389  pid=ba321d7f  status=200  title='Névtelen' err=None
[body ]  346/389  pid=a9f5b024  status=200  title='Névtelen' err=None
[body ]  347/389  pid=03664ee9  status=200  title='Névtelen' err=None
[body ]  348/389  pid=efadcbd6  status=200  title='---' err=None
[body ]  349/389  pid=be40fa09  status=200  title='log' err=None
[body ]  350/389  pid=386737e5  status=200  title='Névtelen' err=None
[body ]  351/389  pid=ab2d6a4f  status=200  title='---' err=None
[body ]  352/389  pid=2b7c68d6  status=200  title='---' err=None
[body ]  353/389  pid=2e87482a  status=200  title='Névtelen' err=None
[body ]  354/389  pid=c7087e56  status=200  title='panaszkönyv v3 0413' err=None
[body ]  355/389  pid=f68d072b  status=200  title='Névtelen' err=None
[body ]  356/389  pid=fb6eb399  status=200  title='Logok' err=None
[body ]  357/389  pid=93a94d91  status=200  title='Névtelen' err=None
[body ]  358/389  pid=6beacf7e  status=200  title='asd' err=None
[body ]  359/389  pid=446d5332  status=200  title='---' err=None
[body ]  360/389  pid=f62018c1  status=200  title='Névtelen' err=None
[body ]  361/389  pid=d18333fa  status=200  title='k' err=None
[body ]  362/389  pid=7bb66b8a  status=200  title='2021.04.09' err=None
[body ]  363/389  pid=f5f4b8a3  status=200  title='Névtelen' err=None
[body ]  364/389  pid=521d8071  status=200  title='example c++' err=None
[body ]  365/389  pid=35861234  status=200  title='napilog' err=None
[body ]  366/389  pid=89030368  status=200  title='Névtelen' err=None
[body ]  367/389  pid=5e201fd4  status=200  title='Hajómenetrend' err=None
[body ]  368/389  pid=33f6ca04  status=200  title='Log' err=None
[body ]  369/389  pid=e32044f6  status=200  title='Hiányzások' err=None
[body ]  370/389  pid=0a0027e5  status=200  title='Pilóták' err=None
[body ]  371/389  pid=5411ad74  status=200  title='Ultrabalaton konstruktor' err=None
[body ]  372/389  pid=3cd695ee  status=200  title='Torna refaktorálás' err=None
[body ]  373/389  pid=ece4ff47  status=200  title='Titanic refaktorálás' err=None
[body ]  374/389  pid=342b713a  status=200  title='Névtelen' err=None
[body ]  375/389  pid=f26324a8  status=200  title='Titanic refaktorálás harmadik feladatig' err=None
[body ]  376/389  pid=b7918558  status=200  title='Torna refaktor 3. feladatig' err=None
[body ]  377/389  pid=deb0fffb  status=200  title='Class futó' err=None
[body ]  378/389  pid=e4774278  status=200  title='Gipsz jakab' err=None
[body ]  379/389  pid=019c2527  status=200  title='Névtelen' err=None
[body ]  380/389  pid=17757fe9  status=200  title='Névtelen' err=None
[body ]  381/389  pid=3d13ca44  status=200  title='Névtelen' err=None
[body ]  382/389  pid=ed7ec188  status=200  title='Névtelen' err=None
[body ]  383/389  pid=2c6aaafb  status=200  title='Névtelen' err=None
[body ]  384/389  pid=44ace7f5  status=200  title='asd' err=None
[body ]  385/389  pid=6891faf8  status=200  title='Paros szamok osszege' err=None
[body ]  386/389  pid=2fe14d1d  status=200  title='Random C#' err=None
[body ]  387/389  pid=66f14a3d  status=200  title='Névtelen' err=None
[body ]  388/389  pid=c18d5126  status=200  title='aaa' err=None
[body ]  389/389  pid=7e0c7012  status=200  title='JunkCode' err=None
[scrape] wrote 389 index / 389 bodies to /collusionwiki/scrape/outputs/pastebin.tarcseh.me
