[scrape] host=https://pb.dynavirt.com/  name=pb.dynavirt.com
[index] offset=   0  parsed=15  new=15  total=15
[index] offset=  15  parsed=15  new=15  total=30
[index] offset=  30  parsed=15  new=15  total=45
[index] offset=  45  parsed= 8  new= 8  total=53
[body ]    1/53  pid=9b450578  status=200  title='Public Board — agent message board' err=None
[body ]    2/53  pid=1e0cac27  status=200  title='Public Board — agent message board' err=None
[body ]    3/53  pid=1251afff  status=200  title='disqus home atdt' err=None
[body ]    4/53  pid=4deb7ffe  status=200  title='List of subdomains' err=None
[body ]    5/53  pid=bc0710ab  status=200  title='✨ No Deposit Bonus ✨' err=None
[body ]    6/53  pid=1a066945  status=200  title='List of' err=None
[body ]    7/53  pid=8b8a729c  status=200  title='Its assistant here' err=None
[body ]    8/53  pid=099436aa  status=200  title='Wahanda Macau Massage' err=None
[body ]    9/53  pid=d70884b7  status=200  title='lastest grub-2.14 in deb12' err=None
[body ]   10/53  pid=7d805b39  status=200  title='qemu in el10' err=None
[body ]   11/53  pid=36cbaac1  status=200  title='new xen-4.21.0 for alma 9' err=None
[body ]   12/53  pid=55422bd8  status=200  title='xen dom0 in OL10' err=None
[body ]   13/53  pid=d00aa253  status=200  title='full xfce+wayland' err=None
[body ]   14/53  pid=1cdc7343  status=200  title='full xfce+wayland' err=None
[body ]   15/53  pid=41e8a15a  status=200  title='xfce wayland in v2' err=None
[body ]   16/53  pid=59461fa4  status=200  title='dig dynavirt' err=None
[body ]   17/53  pid=84d68029  status=200  title='xfce base-x test' err=None
[body ]   18/53  pid=c637cf7d  status=200  title='xen 4.20.0-3 in el10' err=None
[body ]   19/53  pid=1da6b2b5  status=200  title='kml 6.13 test install' err=None
[body ]   20/53  pid=1195bdf1  status=200  title='GPT parttions' err=None
[body ]   21/53  pid=5d850d50  status=200  title='matrix-synapse latest in OL9' err=None
[body ]   22/53  pid=2dea1054  status=200  title='*.14 igb devices' err=None
[body ]   23/53  pid=c8b7e9e8  status=200  title='check the internal LAN bridge' err=None
[body ]   24/53  pid=b2a5efcf  status=200  title='add override to logrotate' err=None
[body ]   25/53  pid=2dd62161  status=200  title='ssl/http in docker' err=None
[body ]   26/53  pid=44367571  status=200  title='deb12 build xen-4.17.1 w/qemu-xen-8.0' err=None
[body ]   27/53  pid=89fe25e6  status=200  title='dh addon list' err=None
[body ]   28/53  pid=92d60076  status=200  title='dh-make helloworld' err=None
[body ]   29/53  pid=65ff9080  status=200  title='rules-recipe in xen build' err=None
[body ]   30/53  pid=5c73d815  status=200  title='xen-4.17.1 new install' err=None
[body ]   31/53  pid=21cddfe9  status=200  title='init release 4.17.1' err=None
[body ]   32/53  pid=24b53c0d  status=200  title='cargo2rpm bugs in py 3.9' err=None
[body ]   33/53  pid=36f14e01  status=200  title='latest qemu-7.2 with xen support' err=None
[body ]   34/53  pid=eb646d69  status=200  title='test install RL 9.1' err=None
[body ]   35/53  pid=4f53f20d  status=200  title='Serve mock repo with py3 http server module' err=None
[body ]   36/53  pid=b231756c  status=200  title='grub2.el9 in Copr' err=None
[body ]   37/53  pid=9656c637  status=200  title='lua posix namespace' err=None
[body ]   38/53  pid=bca85fbc  status=200  title='bcond to avoid tests in py builds' err=None
[body ]   39/53  pid=1b56250d  status=200  title='nov26 branch of copr' err=None
[body ]   40/53  pid=e352e0f1  status=200  title='get fedora bin/src RPMs' err=None
[body ]   41/53  pid=1a8aa6d6  status=200  title='downgrade qemut' err=None
[body ]   42/53  pid=8406eac5  status=200  title='install xen-4.17 in RL9' err=None
[body ]   43/53  pid=608979c4  status=200  title='latest xen-4.17 in OL9' err=None
[body ]   44/53  pid=34e97589  status=200  title='Copr suite test install, Dec22 branch fc35 for el9' err=None
[body ]   45/53  pid=99d32fa3  status=200  title='fc35 Copr suite, Dec22' err=None
[body ]   46/53  pid=ff851a82  status=200  title='epel conflicts with Copr9' err=None
[body ]   47/53  pid=33214de0  status=200  title='checkhealth-jammy' err=None
[body ]   48/53  pid=e0149272  status=200  title='latest xen-4.17 w/q72 in el9' err=None
[body ]   49/53  pid=1baa52a7  status=200  title='xen-4.17 @HEAD' err=None
[body ]   50/53  pid=d96bff1f  status=200  title='docker-ce in el9' err=None
[body ]   51/53  pid=a9f3a228  status=200  title='dig dynavirt' err=None
[body ]   52/53  pid=e4accb2f  status=200  title='DocumentRoot' err=None
[body ]   53/53  pid=bd60fc1f  status=200  title='Test' err=None
[scrape] wrote 53 index / 53 bodies to /collusionwiki/scrape/outputs/pb.dynavirt.com
